// Jest Snapshot v1, https://goo.gl/fbAQLP

exports[`renders correctly with empty props 1`] = `
<div
  className="responsive-list--root"
  id=""
>
  <div
    className="responsive-list--wrapper responsive-list--dummy"
  >
    <button
      aria-disabled={false}
      aria-expanded={false}
      aria-haspopup="true"
      aria-label="More Actions"
      className="menu-button--wrapper responsive-list-menu-button menu-button--wrapper--size-32"
      onBlur={[Function]}
      onClick={[Function]}
      onFocus={[Function]}
      onKeyDown={[Function]}
      onMouseDown={[Function]}
      onMouseEnter={[Function]}
      onMouseLeave={[Function]}
      onMouseUp={[Function]}
      type="button"
    >
      <svg
        aria-hidden="true"
        fill="currentColor"
        height="20"
        role="img"
        viewBox="0 0 32 32"
        width="20"
      >
        <g
          filter="url(#filter0_bd_761_16742)"
        >
          <path
            d="M11.4287 16H20.8573M11.4287 12.5714H20.8573M11.4287 19.4286H20.8573"
            stroke="#fff"
            strokeLinecap="round"
            strokeLinejoin="round"
          />
        </g>
        <defs>
          <filter
            colorInterpolationFilters="sRGB"
            filterUnits="userSpaceOnUse"
            height="52"
            id="filter0_bd_761_16742"
            width="52"
            x="-10"
            y="-10"
          >
            <feFlood
              floodOpacity="0"
              result="BackgroundImageFix"
            />
            <feGaussianBlur
              in="BackgroundImageFix"
              stdDeviation="5"
            />
            <feComposite
              in2="SourceAlpha"
              operator="in"
              result="effect1_backgroundBlur_761_16742"
            />
            <feColorMatrix
              in="SourceAlpha"
              result="hardAlpha"
              values="0 0 0 0 0 0 0 0 0 0 0 0 0 0 0 0 0 0 127 0"
            />
            <feOffset
              dy="1"
            />
            <feGaussianBlur
              stdDeviation="1.5"
            />
            <feColorMatrix
              values="0 0 0 0 0 0 0 0 0 0 0 0 0 0 0 0 0 0 0.2 0"
            />
            <feBlend
              in2="effect1_backgroundBlur_761_16742"
              result="effect2_dropShadow_761_16742"
            />
            <feBlend
              in="SourceGraphic"
              in2="effect2_dropShadow_761_16742"
              result="shape"
            />
          </filter>
        </defs>
      </svg>
    </button>
  </div>
</div>
`;
